// Jest Snapshot v1, https://goo.gl/fbAQLP

exports[`TodoForm matches its snapshot 1`] = `ShallowWrapper {}`;
